[preview.colorlib.com/theme/djoz/index.html]
[backblue.gif]
[fade.gif]
[index.html]
[preview.colorlib.com/theme/djoz/css/bootstrap.min.css]
[preview.colorlib.com/theme/djoz/css/font-awesome.min.css]
[preview.colorlib.com/theme/djoz/css/barfiller.css]
[preview.colorlib.com/theme/djoz/css/nowfont.css]
[preview.colorlib.com/theme/djoz/css/rockville.css]
[preview.colorlib.com/theme/djoz/css/magnific-popup.css]
[preview.colorlib.com/theme/djoz/css/owl.carousel.min.css]
[preview.colorlib.com/theme/djoz/css/slicknav.min.css]
[preview.colorlib.com/theme/djoz/css/style.css]
[preview.colorlib.com/theme/djoz/index-2.html]
[preview.colorlib.com/theme/djoz/img/logo.png]
[preview.colorlib.com/theme/djoz/about.html]
[preview.colorlib.com/theme/djoz/discography.html]
[preview.colorlib.com/theme/djoz/tours.html]
[preview.colorlib.com/theme/djoz/videos.html]
[preview.colorlib.com/theme/djoz/blog.html]
[preview.colorlib.com/theme/djoz/blog-details.html]
[preview.colorlib.com/theme/djoz/contact.html]
[preview.colorlib.com/theme/djoz/img/about/about.png]
[preview.colorlib.com/theme/djoz/img/services/service-1.png]
[preview.colorlib.com/theme/djoz/img/services/service-2.png]
[preview.colorlib.com/theme/djoz/img/services/service-4.png]
[preview.colorlib.com/theme/djoz/img/services/service-3.png]
[preview.colorlib.com/theme/djoz/music-files/2.mp3]
[preview.colorlib.com/theme/djoz/music-files/3.mp3]
[preview.colorlib.com/theme/djoz/music-files/4.mp3]
[preview.colorlib.com/theme/djoz/music-files/5.mp3]
[preview.colorlib.com/theme/djoz/music-files/6.mp3]
[preview.colorlib.com/theme/djoz/img/track-right.jpg]
[preview.colorlib.com/theme/djoz/img/youtube/youtube-1.jpg]
[preview.colorlib.com/theme/djoz/img/youtube/youtube-2.jpg]
[preview.colorlib.com/theme/djoz/img/youtube/youtube-3.jpg]
[preview.colorlib.com/theme/djoz/img/countdown-bg.jpg]
[preview.colorlib.com/theme/djoz/img/footer-bg.png]
[preview.colorlib.com/cdn-cgi/scripts/5c5dd728/cloudflare-static/email-decode.min.js]
[preview.colorlib.com/theme/djoz/js/jquery-3.3.1.min.js]
[preview.colorlib.com/theme/djoz/js/bootstrap.min.js]
[preview.colorlib.com/theme/djoz/js/jquery.magnific-popup.min.js]
[preview.colorlib.com/theme/djoz/js/jquery.nicescroll.min.js]
[preview.colorlib.com/theme/djoz/js/jquery.barfiller.js]
[preview.colorlib.com/theme/djoz/js/jquery.countdown.min.js]
[preview.colorlib.com/theme/djoz/js/jquery.slicknav.js]
[preview.colorlib.com/theme/djoz/js/owl.carousel.min.js]
[preview.colorlib.com/theme/djoz/js/main.js]
[preview.colorlib.com/theme/djoz/js/jquery.jplayer.min.js]
[preview.colorlib.com/theme/djoz/js/jplayerInit.js]
[preview.colorlib.com/theme/djoz/index.html]
[preview.colorlib.com/theme/djoz/css/bootstrap.min.css]
[preview.colorlib.com/theme/djoz/fonts/fontawesome-webfont3e6e.eot]
[preview.colorlib.com/theme/djoz/fonts/fontawesome-webfont3e6e.woff2]
[preview.colorlib.com/theme/djoz/fonts/fontawesome-webfontd41d.eot]
[preview.colorlib.com/theme/djoz/fonts/fontawesome-webfont3e6e.woff]
[preview.colorlib.com/theme/djoz/fonts/fontawesome-webfont3e6e.ttf]
[preview.colorlib.com/theme/djoz/css/font-awesome.min.css]
[preview.colorlib.com/theme/djoz/css/barfiller.css]
[preview.colorlib.com/theme/djoz/fonts/Now-Regular.woff]
[preview.colorlib.com/theme/djoz/fonts/fontawesome-webfont3e6e.svg]
[preview.colorlib.com/theme/djoz/fonts/Now-Thin.woff]
[preview.colorlib.com/theme/djoz/fonts/Now-Light.woff]
[preview.colorlib.com/theme/djoz/fonts/Now-Medium.woff]
[preview.colorlib.com/theme/djoz/fonts/Now-Bold.woff]
[preview.colorlib.com/theme/djoz/fonts/Now-Black.woff]
[preview.colorlib.com/theme/djoz/css/nowfont.css]
[preview.colorlib.com/theme/djoz/fonts/Rockville Solid.woff]
[preview.colorlib.com/theme/djoz/css/rockville.css]
[preview.colorlib.com/theme/djoz/css/magnific-popup.css]
[preview.colorlib.com/theme/djoz/css/owl.video.play.png]
[preview.colorlib.com/theme/djoz/css/owl.carousel.min.css]
[preview.colorlib.com/theme/djoz/css/slicknav.min.css]
[preview.colorlib.com/theme/djoz/img/play-default.png]
[preview.colorlib.com/theme/djoz/img/pause.png]
[preview.colorlib.com/theme/djoz/img/play.png]
[preview.colorlib.com/theme/djoz/css/style.css]
[preview.colorlib.com/theme/djoz/index-2.html]
[preview.colorlib.com/theme/djoz/img/about/signature.png]
[preview.colorlib.com/theme/djoz/img/about/ap-1.jpg]
[preview.colorlib.com/theme/djoz/img/about/ap-2.jpg]
[preview.colorlib.com/theme/djoz/img/about/ap-3.jpg]
[preview.colorlib.com/theme/djoz/img/about/ap-4.jpg]
[preview.colorlib.com/theme/djoz/img/about/ap-5.jpg]
[preview.colorlib.com/theme/djoz/img/about/ap-6.jpg]
[preview.colorlib.com/theme/djoz/img/about/ap-7.jpg]
[preview.colorlib.com/theme/djoz/img/services/as-icon-1.png]
[preview.colorlib.com/theme/djoz/img/services/as-icon-2.png]
[preview.colorlib.com/theme/djoz/img/services/as-icon-3.png]
[preview.colorlib.com/theme/djoz/about.html]
[preview.colorlib.com/theme/djoz/img/discography/disco-1.jpg]
[preview.colorlib.com/theme/djoz/img/discography/link-1.jpg]
[preview.colorlib.com/theme/djoz/img/discography/link-2.jpg]
[preview.colorlib.com/theme/djoz/img/discography/disco-2.jpg]
[preview.colorlib.com/theme/djoz/img/discography/disco-3.jpg]
[preview.colorlib.com/theme/djoz/img/discography/disco-4.jpg]
[preview.colorlib.com/theme/djoz/img/discography/disco-5.jpg]
[preview.colorlib.com/theme/djoz/img/discography/disco-6.jpg]
[preview.colorlib.com/theme/djoz/discography.html]
[preview.colorlib.com/theme/djoz/img/tours/tour-1.jpg]
[preview.colorlib.com/theme/djoz/img/tours/tour-2.jpg]
[preview.colorlib.com/theme/djoz/img/tours/tour-3.jpg]
[preview.colorlib.com/theme/djoz/tours.html]
[preview.colorlib.com/theme/djoz/videos.html]
[preview.colorlib.com/theme/djoz/img/blog/blog-1.jpg]
[preview.colorlib.com/theme/djoz/img/blog/blog-2.jpg]
[preview.colorlib.com/theme/djoz/img/blog/blog-3.jpg]
[preview.colorlib.com/theme/djoz/img/blog/blog-4.jpg]
[preview.colorlib.com/theme/djoz/img/blog/blog-5.jpg]
[preview.colorlib.com/theme/djoz/img/blog/blog-6.jpg]
[preview.colorlib.com/theme/djoz/img/blog/br-1.jpg]
[preview.colorlib.com/theme/djoz/img/blog/br-2.jpg]
[preview.colorlib.com/theme/djoz/img/blog/br-3.jpg]
[preview.colorlib.com/theme/djoz/img/blog/br-4.jpg]
[preview.colorlib.com/theme/djoz/blog.html]
[preview.colorlib.com/theme/djoz/img/blog/details/blog-change.jpg]
[preview.colorlib.com/theme/djoz/img/blog/details/bs-1.jpg]
[preview.colorlib.com/theme/djoz/img/blog/details/bs-2.jpg]
[preview.colorlib.com/theme/djoz/img/blog/details/bs-3.jpg]
[preview.colorlib.com/theme/djoz/blog-details.html]
[preview.colorlib.com/theme/djoz/contact.html]
[preview.colorlib.com/theme/djoz/fonts/fontawesome-webfont3e6e.svg]
[preview.colorlib.com/theme/djoz/css/owl.video.play.html]
